src/generators/api-service-generator.ts(385,26): error TS2304: Cannot find name 'serviceTemplate'.
